// Jest Snapshot v1, https://goo.gl/fbAQLP

exports[`renders correctly 1`] = `
Array [
  <blockquote
    cite="https://www.prodigygame.com/main-en/blog/math-quotes/"
  >
    <h2
      style={
        Object {
          "color": "darkgray",
          "margin": "0 auto",
          "width": "54rem",
        }
      }
    >
      We will always have STEM with us. Some things will drop out of the public eye and go away, but there will always be science, engineering, and technology. And there will always, always be mathematics.
    </h2>
  </blockquote>,
  <h3
    style={
      Object {
        "margin": "0 auto",
        "width": "54rem",
      }
    }
  >
    <strong>
      Katherine Johnson, African-American mathematician
    </strong>
  </h3>,
]
`;
